// Jest Snapshot v1, https://goo.gl/fbAQLP

exports[`IdsSwapList Component renders correctly 1`] = `"<ids-swaplist id="swaplist-1"></ids-swaplist>"`;
