// Jest Snapshot v1, https://goo.gl/fbAQLP

exports[`IdsMasthead Component renders and updates logo 1`] = `
"
      <ids-toolbar class="ids-masthead" tabbable="true">
        <ids-toolbar-section id="start" align="start" type="fluid">
          <span id="logo-wrapper">
        <ids-button id="logo" class="icon-logo" color-variant="alternate" square="true">
          <ids-icon icon="logo" viewbox="0 0 32 34" width="32" height="32"></ids-icon>
          <ids-text audible="true">Masthead logo</ids-text>
        </ids-button>
      </span>
          <ids-text id="title" color-variant="alternate" font-size="14" font-weight="semi-bold">title</ids-text>
          <slot name="start"></slot>
        </ids-toolbar-section>

        <ids-toolbar-section id="center" align="center" type="fluid">
          <slot name="center"></slot>
        </ids-toolbar-section>

        <ids-toolbar-section id="end" align="end" type="fluid">
          <slot name="end"></slot>
        </ids-toolbar-section>

        <ids-toolbar-more-actions id="more" icon="expand-app-tray" class="hidden">
          <slot name="more"></slot>
        </ids-toolbar-more-actions>
      </ids-toolbar>
    "
`;

exports[`IdsMasthead Component renders and updates logo 2`] = `
"
      <ids-toolbar class="ids-masthead" tabbable="true">
        <ids-toolbar-section id="start" align="start" type="fluid">
          <span id="logo-wrapper">
        <ids-button id="logo" class="icon-star-outlined" color-variant="alternate" square="true">
          <ids-icon icon="star-outlined"></ids-icon>
          <ids-text audible="true">Masthead logo</ids-text>
        </ids-button>
      </span>
          <ids-text id="title" color-variant="alternate" font-size="14" font-weight="semi-bold">title</ids-text>
          <slot name="start"></slot>
        </ids-toolbar-section>

        <ids-toolbar-section id="center" align="center" type="fluid">
          <slot name="center"></slot>
        </ids-toolbar-section>

        <ids-toolbar-section id="end" align="end" type="fluid">
          <slot name="end"></slot>
        </ids-toolbar-section>

        <ids-toolbar-more-actions id="more" icon="expand-app-tray" class="hidden">
          <slot name="more"></slot>
        </ids-toolbar-more-actions>
      </ids-toolbar>
    "
`;

exports[`IdsMasthead Component renders and updates title 1`] = `
"
      <ids-toolbar class="ids-masthead" tabbable="true">
        <ids-toolbar-section id="start" align="start" type="fluid">
          <span id="logo-wrapper">
        <ids-button id="logo" class="icon-logo" color-variant="alternate" square="true">
          <ids-icon icon="logo" viewbox="0 0 32 34" width="32" height="32"></ids-icon>
          <ids-text audible="true">Masthead logo</ids-text>
        </ids-button>
      </span>
          <ids-text id="title" color-variant="alternate" font-size="14" font-weight="semi-bold">Infor Application</ids-text>
          <slot name="start"></slot>
        </ids-toolbar-section>

        <ids-toolbar-section id="center" align="center" type="fluid">
          <slot name="center"></slot>
        </ids-toolbar-section>

        <ids-toolbar-section id="end" align="end" type="fluid">
          <slot name="end"></slot>
        </ids-toolbar-section>

        <ids-toolbar-more-actions id="more" icon="expand-app-tray" class="hidden">
          <slot name="more"></slot>
        </ids-toolbar-more-actions>
      </ids-toolbar>
    "
`;

exports[`IdsMasthead Component renders any icon 1`] = `
"
      <ids-toolbar class="ids-masthead" tabbable="true">
        <ids-toolbar-section id="start" align="start" type="fluid">
          <span id="logo-wrapper">
        <ids-button id="logo" class="icon-info" color-variant="alternate" square="true">
          <ids-icon icon="info"></ids-icon>
          <ids-text audible="true">Masthead logo</ids-text>
        </ids-button>
      </span>
          <ids-text id="title" color-variant="alternate" font-size="14" font-weight="semi-bold">title</ids-text>
          <slot name="start"></slot>
        </ids-toolbar-section>

        <ids-toolbar-section id="center" align="center" type="fluid">
          <slot name="center"></slot>
        </ids-toolbar-section>

        <ids-toolbar-section id="end" align="end" type="fluid">
          <slot name="end"></slot>
        </ids-toolbar-section>

        <ids-toolbar-more-actions id="more" icon="expand-app-tray" class="hidden">
          <slot name="more"></slot>
        </ids-toolbar-more-actions>
      </ids-toolbar>
    "
`;

exports[`IdsMasthead Component renders any icon 2`] = `
"
      <ids-toolbar class="ids-masthead" tabbable="true">
        <ids-toolbar-section id="start" align="start" type="fluid">
          <span id="logo-wrapper">
        <ids-button id="logo" class="icon-user" color-variant="alternate" square="true">
          <ids-icon icon="user"></ids-icon>
          <ids-text audible="true">Masthead logo</ids-text>
        </ids-button>
      </span>
          <ids-text id="title" color-variant="alternate" font-size="14" font-weight="semi-bold">title</ids-text>
          <slot name="start"></slot>
        </ids-toolbar-section>

        <ids-toolbar-section id="center" align="center" type="fluid">
          <slot name="center"></slot>
        </ids-toolbar-section>

        <ids-toolbar-section id="end" align="end" type="fluid">
          <slot name="end"></slot>
        </ids-toolbar-section>

        <ids-toolbar-more-actions id="more" icon="expand-app-tray" class="hidden">
          <slot name="more"></slot>
        </ids-toolbar-more-actions>
      </ids-toolbar>
    "
`;

exports[`IdsMasthead Component renders correctly 1`] = `
"<ids-masthead icon="" title="">
      <section slot="start"><ids-button color-variant="alternate" type="button">start section</ids-button></section>
      <section slot="center"><ids-menu-button color-variant="alternate" type="button">center section</ids-menu-button></section>
      <section slot="end"><ids-button color-variant="alternate" type="button">end section</ids-button></section>
    </ids-masthead>"
`;

exports[`IdsMasthead Component renders correctly 2`] = `
"<ids-masthead icon="info" title="">
      <section slot="start"><ids-button color-variant="alternate" type="button">start section</ids-button></section>
      <section slot="center"><ids-menu-button color-variant="alternate" type="button">center section</ids-menu-button></section>
      <section slot="end"><ids-button color-variant="alternate" type="button">end section</ids-button></section>
    </ids-masthead>"
`;

exports[`IdsMasthead Component renders correctly 3`] = `
"<ids-masthead icon="logo" title="Infor Application">
      <section slot="start"><ids-button color-variant="alternate" type="button">start section</ids-button></section>
      <section slot="center"><ids-menu-button color-variant="alternate" type="button">center section</ids-menu-button></section>
      <section slot="end"><ids-button color-variant="alternate" type="button">end section</ids-button></section>
    </ids-masthead>"
`;
