// Jest Snapshot v1, https://goo.gl/fbAQLP

exports[`IdsDropdown Component renders correctly 1`] = `
"<ids-dropdown id="dropdown-1" label="Normal Dropdown" value="opt2" dirty-tracker="true" role="combobox" aria-expanded="false" aria-autocomplete="list" aria-haspopup="listbox" aria-description="Press down arrow to select" aria-controls="ids-list-box-dropdown-1">
      <ids-list-box size="md" id="ids-list-box-dropdown-1" aria-label="Listbox" role="listbox">
        <ids-list-box-option value="opt1" id="opt1" role="option" tabindex="-1">Option One</ids-list-box-option>
        <ids-list-box-option value="opt2" id="opt2" role="option" tabindex="-1">Option Two</ids-list-box-option>
        <ids-list-box-option value="opt3" id="opt3" role="option" tabindex="-1">Option Three</ids-list-box-option>
        <ids-list-box-option value="opt4" id="opt4" role="option" tabindex="-1">Option Four</ids-list-box-option>
        <ids-list-box-option value="opt5" id="opt5" role="option" tabindex="-1">Option Five</ids-list-box-option>
        <ids-list-box-option value="opt6" id="opt6" role="option" tabindex="-1">Option Six</ids-list-box-option>
      </ids-list-box>
    </ids-dropdown>"
`;
